// Jest Snapshot v1, https://goo.gl/fbAQLP

exports[`<SignInForm /> renders without crashing 1`] = `
<form
  onSubmit={[Function]}
>
  <div
    className="form-group"
  >
    <label
      htmlFor="login"
    >
      Пользователь
    </label>
    <input
      className="form-control"
      id="login"
      name="login"
      onChange={[Function]}
      type="text"
    />
  </div>
  <div
    className="form-group"
  >
    <label
      htmlFor="password"
    >
      Пароль
    </label>
    <input
      className="form-control"
      id="password"
      name="password"
      onChange={[Function]}
      type="password"
    />
  </div>
  <div
    className="d-flex justify-content-center"
  >
    <Button
      modifier="btn-primary"
    >
      Войти
    </Button>
  </div>
</form>
`;
